Archive member included to satisfy reference by file (symbol)

D:/stm/STM32CubeIDE_1.19.0/STM32CubeIDE/plugins/com.st.stm32cube.ide.mcu.externaltools.gnu-tools-for-stm32.13.3.rel1.win32_1.0.0.202411081344/tools/bin/../lib/gcc/arm-none-eabi/13.3.1/../../../../arm-none-eabi/lib/thumb/v7e-m+fp/hard\libc_nano.a(libc_a-exit.o)
                              D:/stm/STM32CubeIDE_1.19.0/STM32CubeIDE/plugins/com.st.stm32cube.ide.mcu.externaltools.gnu-tools-for-stm32.13.3.rel1.win32_1.0.0.202411081344/tools/bin/../lib/gcc/arm-none-eabi/13.3.1/../../../../arm-none-eabi/lib/thumb/v7e-m+fp/hard/crt0.o (exit)
D:/stm/STM32CubeIDE_1.19.0/STM32CubeIDE/plugins/com.st.stm32cube.ide.mcu.externaltools.gnu-tools-for-stm32.13.3.rel1.win32_1.0.0.202411081344/tools/bin/../lib/gcc/arm-none-eabi/13.3.1/../../../../arm-none-eabi/lib/thumb/v7e-m+fp/hard\libc_nano.a(libc_a-findfp.o)
                              D:/stm/STM32CubeIDE_1.19.0/STM32CubeIDE/plugins/com.st.stm32cube.ide.mcu.externaltools.gnu-tools-for-stm32.13.3.rel1.win32_1.0.0.202411081344/tools/bin/../lib/gcc/arm-none-eabi/13.3.1/../../../../arm-none-eabi/lib/thumb/v7e-m+fp/hard\libc_nano.a(libc_a-exit.o) (__stdio_exit_handler)
D:/stm/STM32CubeIDE_1.19.0/STM32CubeIDE/plugins/com.st.stm32cube.ide.mcu.externaltools.gnu-tools-for-stm32.13.3.rel1.win32_1.0.0.202411081344/tools/bin/../lib/gcc/arm-none-eabi/13.3.1/../../../../arm-none-eabi/lib/thumb/v7e-m+fp/hard\libc_nano.a(libc_a-fwalk.o)
                              D:/stm/STM32CubeIDE_1.19.0/STM32CubeIDE/plugins/com.st.stm32cube.ide.mcu.externaltools.gnu-tools-for-stm32.13.3.rel1.win32_1.0.0.202411081344/tools/bin/../lib/gcc/arm-none-eabi/13.3.1/../../../../arm-none-eabi/lib/thumb/v7e-m+fp/hard\libc_nano.a(libc_a-findfp.o) (_fwalk_sglue)
D:/stm/STM32CubeIDE_1.19.0/STM32CubeIDE/plugins/com.st.stm32cube.ide.mcu.externaltools.gnu-tools-for-stm32.13.3.rel1.win32_1.0.0.202411081344/tools/bin/../lib/gcc/arm-none-eabi/13.3.1/../../../../arm-none-eabi/lib/thumb/v7e-m+fp/hard\libc_nano.a(libc_a-stdio.o)
                              D:/stm/STM32CubeIDE_1.19.0/STM32CubeIDE/plugins/com.st.stm32cube.ide.mcu.externaltools.gnu-tools-for-stm32.13.3.rel1.win32_1.0.0.202411081344/tools/bin/../lib/gcc/arm-none-eabi/13.3.1/../../../../arm-none-eabi/lib/thumb/v7e-m+fp/hard\libc_nano.a(libc_a-findfp.o) (__sread)
D:/stm/STM32CubeIDE_1.19.0/STM32CubeIDE/plugins/com.st.stm32cube.ide.mcu.externaltools.gnu-tools-for-stm32.13.3.rel1.win32_1.0.0.202411081344/tools/bin/../lib/gcc/arm-none-eabi/13.3.1/../../../../arm-none-eabi/lib/thumb/v7e-m+fp/hard\libc_nano.a(libc_a-memset.o)
                              D:/stm/STM32CubeIDE_1.19.0/STM32CubeIDE/plugins/com.st.stm32cube.ide.mcu.externaltools.gnu-tools-for-stm32.13.3.rel1.win32_1.0.0.202411081344/tools/bin/../lib/gcc/arm-none-eabi/13.3.1/../../../../arm-none-eabi/lib/thumb/v7e-m+fp/hard/crt0.o (memset)
D:/stm/STM32CubeIDE_1.19.0/STM32CubeIDE/plugins/com.st.stm32cube.ide.mcu.externaltools.gnu-tools-for-stm32.13.3.rel1.win32_1.0.0.202411081344/tools/bin/../lib/gcc/arm-none-eabi/13.3.1/../../../../arm-none-eabi/lib/thumb/v7e-m+fp/hard\libc_nano.a(libc_a-closer.o)
                              D:/stm/STM32CubeIDE_1.19.0/STM32CubeIDE/plugins/com.st.stm32cube.ide.mcu.externaltools.gnu-tools-for-stm32.13.3.rel1.win32_1.0.0.202411081344/tools/bin/../lib/gcc/arm-none-eabi/13.3.1/../../../../arm-none-eabi/lib/thumb/v7e-m+fp/hard\libc_nano.a(libc_a-stdio.o) (_close_r)
D:/stm/STM32CubeIDE_1.19.0/STM32CubeIDE/plugins/com.st.stm32cube.ide.mcu.externaltools.gnu-tools-for-stm32.13.3.rel1.win32_1.0.0.202411081344/tools/bin/../lib/gcc/arm-none-eabi/13.3.1/../../../../arm-none-eabi/lib/thumb/v7e-m+fp/hard\libc_nano.a(libc_a-reent.o)
                              D:/stm/STM32CubeIDE_1.19.0/STM32CubeIDE/plugins/com.st.stm32cube.ide.mcu.externaltools.gnu-tools-for-stm32.13.3.rel1.win32_1.0.0.202411081344/tools/bin/../lib/gcc/arm-none-eabi/13.3.1/../../../../arm-none-eabi/lib/thumb/v7e-m+fp/hard\libc_nano.a(libc_a-closer.o) (errno)
D:/stm/STM32CubeIDE_1.19.0/STM32CubeIDE/plugins/com.st.stm32cube.ide.mcu.externaltools.gnu-tools-for-stm32.13.3.rel1.win32_1.0.0.202411081344/tools/bin/../lib/gcc/arm-none-eabi/13.3.1/../../../../arm-none-eabi/lib/thumb/v7e-m+fp/hard\libc_nano.a(libc_a-impure.o)
                              D:/stm/STM32CubeIDE_1.19.0/STM32CubeIDE/plugins/com.st.stm32cube.ide.mcu.externaltools.gnu-tools-for-stm32.13.3.rel1.win32_1.0.0.202411081344/tools/bin/../lib/gcc/arm-none-eabi/13.3.1/../../../../arm-none-eabi/lib/thumb/v7e-m+fp/hard\libc_nano.a(libc_a-reent.o) (_impure_ptr)
D:/stm/STM32CubeIDE_1.19.0/STM32CubeIDE/plugins/com.st.stm32cube.ide.mcu.externaltools.gnu-tools-for-stm32.13.3.rel1.win32_1.0.0.202411081344/tools/bin/../lib/gcc/arm-none-eabi/13.3.1/../../../../arm-none-eabi/lib/thumb/v7e-m+fp/hard\libc_nano.a(libc_a-lseekr.o)
[...]
Memory Configuration

Name             Origin             Length             Attributes
CCMRAM           0x10000000         0x00010000         xrw
RAM              0x20000000         0x00030000         xrw
FLASH            0x08000000         0x00200000         xr
*default*        0x00000000         0xffffffff

Linker script and memory map

LOAD D:/stm/STM32CubeIDE_1.19.0/STM32CubeIDE/plugins/com.st.stm32cube.ide.mcu.externaltools.gnu-tools-for-stm32.13.3.rel1.win32_1.0.0.202411081344/tools/bin/../lib/gcc/arm-none-eabi/13.3.1/thumb/v7e-m+fp/hard/crti.o
LOAD D:/stm/STM32CubeIDE_1.19.0/STM32CubeIDE/plugins/com.st.stm32cube.ide.mcu.externaltools.gnu-tools-for-stm32.13.3.rel1.win32_1.0.0.202411081344/tools/bin/../lib/gcc/arm-none-eabi/13.3.1/thumb/v7e-m+fp/hard/crtbegin.o
LOAD D:/stm/STM32CubeIDE_1.19.0/STM32CubeIDE/plugins/com.st.stm32cube.ide.mcu.externaltools.gnu-tools-for-stm32.13.3.rel1.win32_1.0.0.202411081344/tools/bin/../lib/gcc/arm-none-eabi/13.3.1/../../../../arm-none-eabi/lib/thumb/v7e-m+fp/hard/crt0.o
LOAD ./Core/Src/main.o
LOAD ./Core/Src/stm32f4xx_hal_msp.o
LOAD ./Core/Src/stm32f4xx_it.o
LOAD ./Core/Src/syscalls.o
LOAD ./Core/Src/sysmem.o
LOAD ./Core/Src/system_stm32f4xx.o
LOAD ./Core/Startup/startup_stm32f427vitx.o
LOAD ./Drivers/STM32F4xx_HAL_Driver/Src/stm32f4xx_hal.o
LOAD ./Drivers/STM32F4xx_HAL_Driver/Src/stm32f4xx_hal_cortex.o
LOAD ./Drivers/STM32F4xx_HAL_Driver/Src/stm32f4xx_hal_dma.o
LOAD ./Drivers/STM32F4xx_HAL_Driver/Src/stm32f4xx_hal_dma_ex.o
LOAD ./Drivers/STM32F4xx_HAL_Driver/Src/stm32f4xx_hal_exti.o
LOAD ./Drivers/STM32F4xx_HAL_Driver/Src/stm32f4xx_hal_flash.o
LOAD ./Drivers/STM32F4xx_HAL_Driver/Src/stm32f4xx_hal_flash_ex.o
LOAD ./Drivers/STM32F4xx_HAL_Driver/Src/stm32f4xx_hal_flash_ramfunc.o
LOAD ./Drivers/STM32F4xx_HAL_Driver/Src/stm32f4xx_hal_gpio.o
LOAD ./Drivers/STM32F4xx_HAL_Driver/Src/stm32f4xx_hal_pwr.o
LOAD ./Drivers/STM32F4xx_HAL_Driver/Src/stm32f4xx_hal_pwr_ex.o
LOAD ./Drivers/STM32F4xx_HAL_Driver/Src/stm32f4xx_hal_rcc.o
LOAD ./Drivers/STM32F4xx_HAL_Driver/Src/stm32f4xx_hal_rcc_ex.o
LOAD ./Drivers/STM32F4xx_HAL_Driver/Src/stm32f4xx_hal_tim.o
LOAD ./Drivers/STM32F4xx_HAL_Driver/Src/stm32f4xx_hal_tim_ex.o
START GROUP
LOAD D:/stm/STM32CubeIDE_1.19.0/STM32CubeIDE/plugins/com.st.stm32cube.ide.mcu.externaltools.gnu-tools-for-stm32.13.3.rel1.win32_1.0.0.202411081344/tools/bin/../lib/gcc/arm-none-eabi/13.3.1/../../../../arm-none-eabi/lib/thumb/v7e-m+fp/hard\libc_nano.a
LOAD D:/stm/STM32CubeIDE_1.19.0/STM32CubeIDE/plugins/com.st.stm32cube.ide.mcu.externaltools.gnu-tools-for-stm32.13.3.rel1.win32_1.0.0.202411081344/tools/bin/../lib/gcc/arm-none-eabi/13.3.1/../../../../arm-none-eabi/lib/thumb/v7e-m+fp/hard\libm.a
END GROUP
START GROUP
LOAD D:/stm/STM32CubeIDE_1.19.0/STM32CubeIDE/plugins/com.st.stm32cube.ide.mcu.externaltools.gnu-tools-for-stm32.13.3.rel1.win32_1.0.0.202411081344/tools/bin/../lib/gcc/arm-none-eabi/13.3.1/thumb/v7e-m+fp/hard\libgcc.a
LOAD D:/stm/STM32CubeIDE_1.19.0/STM32CubeIDE/plugins/com.st.stm32cube.ide.mcu.externaltools.gnu-tools-for-stm32.13.3.rel1.win32_1.0.0.202411081344/tools/bin/../lib/gcc/arm-none-eabi/13.3.1/../../../../arm-none-eabi/lib/thumb/v7e-m+fp/hard\libc_nano.a
END GROUP
START GROUP
LOAD D:/stm/STM32CubeIDE_1.19.0/STM32CubeIDE/plugins/com.st.stm32cube.ide.mcu.externaltools.gnu-tools-for-stm32.13.3.rel1.win32_1.0.0.202411081344/tools/bin/../lib/gcc/arm-none-eabi/13.3.1/thumb/v7e-m+fp/hard\libgcc.a
LOAD D:/stm/STM32CubeIDE_1.19.0/STM32CubeIDE/plugins/com.st.stm32cube.ide.mcu.externaltools.gnu-tools-for-stm32.13.3.rel1.win32_1.0.0.202411081344/tools/bin/../lib/gcc/arm-none-eabi/13.3.1/../../../../arm-none-eabi/lib/thumb/v7e-m+fp/hard\libc_nano.a
LOAD D:/stm/STM32CubeIDE_1.19.0/STM32CubeIDE/plugins/com.st.stm32cube.ide.mcu.externaltools.gnu-tools-for-stm32.13.3.rel1.win32_1.0.0.202411081344/tools/bin/../lib/gcc/arm-none-eabi/13.3.1/../../../../arm-none-eabi/lib/thumb/v7e-m+fp/hard\libnosys.a
END GROUP
START GROUP
LOAD D:/stm/STM32CubeIDE_1.19.0/STM32CubeIDE/plugins/com.st.stm32cube.ide.mcu.externaltools.gnu-tools-for-stm32.13.3.rel1.win32_1.0.0.202411081344/tools/bin/../lib/gcc/arm-none-eabi/13.3.1/thumb/v7e-m+fp/hard\libgcc.a
LOAD D:/stm/STM32CubeIDE_1.19.0/STM32CubeIDE/plugins/com.st.stm32cube.ide.mcu.externaltools.gnu-tools-for-stm32.13.3.rel1.win32_1.0.0.202411081344/tools/bin/../lib/gcc/arm-none-eabi/13.3.1/../../../../arm-none-eabi/lib/thumb/v7e-m+fp/hard\libc_nano.a
LOAD D:/stm/STM32CubeIDE_1.19.0/STM32CubeIDE/plugins/com.st.stm32cube.ide.mcu.externaltools.gnu-tools-for-stm32.13.3.rel1.win32_1.0.0.202411081344/tools/bin/../lib/gcc/arm-none-eabi/13.3.1/../../../../arm-none-eabi/lib/thumb/v7e-m+fp/hard\libnosys.a
END GROUP
LOAD D:/stm/STM32CubeIDE_1.19.0/STM32CubeIDE/plugins/com.st.stm32cube.ide.mcu.externaltools.gnu-tools-for-stm32.13.3.rel1.win32_1.0.0.202411081344/tools/bin/../lib/gcc/arm-none-eabi/13.3.1/thumb/v7e-m+fp/hard/crtend.o
LOAD D:/stm/STM32CubeIDE_1.19.0/STM32CubeIDE/plugins/com.st.stm32cube.ide.mcu.externaltools.gnu-tools-for-stm32.13.3.rel1.win32_1.0.0.202411081344/tools/bin/../lib/gcc/arm-none-eabi/13.3.1/thumb/v7e-m+fp/hard/crtn.o
                0x20030000                        _estack = (ORIGIN (RAM) + LENGTH (RAM))
                0x00000200                        _Min_Heap_Size = 0x200
                0x00000400                        _Min_Stack_Size = 0x400

.isr_vector     0x08000000      0x1ac
                0x08000000                        . = ALIGN (0x4)
 *(.isr_vector)
 .isr_vector    0x08000000      0x1ac ./Core/Startup/startup_stm32f427vitx.o
                0x08000000                g_pfnVectors
                0x080001ac                        . = ALIGN (0x4)

.text           0x080001ac     0x2bf4
                0x080001ac                        . = ALIGN (0x4)
 *(.text)
 .text          0x080001ac       0x40 D:/stm/STM32CubeIDE_1.19.0/STM32CubeIDE/plugins/com.st.stm32cube.ide.mcu.externaltools.gnu-tools-for-stm32.13.3.rel1.win32_1.0.0.202411081344/tools/bin/../lib/gcc/arm-none-eabi/13.3.1/thumb/v7e-m+fp/hard/crtbegin.o
 .text          0x080001ec       0x30 D:/stm/STM32CubeIDE_1.19.0/STM32CubeIDE/plugins/com.st.stm32cube.ide.mcu.externaltools.gnu-tools-for-stm32.13.3.rel1.win32_1.0.0.202411081344/tools/bin/../lib/gcc/arm-none-eabi/13.3.1/thumb/v7e-m+fp/hard\libgcc.a(_aeabi_uldivmod.o)
                0x080001ec                __aeabi_uldivmod
 .text          0x0800021c      0x2f8 D:/stm/STM32CubeIDE_1.19.0/STM32CubeIDE/plugins/com.st.stm32cube.ide.mcu.externaltools.gnu-tools-for-stm32.13.3.rel1.win32_1.0.0.202411081344/tools/bin/../lib/gcc/arm-none-eabi/13.3.1/thumb/v7e-m+fp/hard\libgcc.a(_udivmoddi4.o)
                0x0800021c                __udivmoddi4
 .text          0x08000514        0x4 D:/stm/STM32CubeIDE_1.19.0/STM32CubeIDE/plugins/com.st.stm32cube.ide.mcu.externaltools.gnu-tools-for-stm32.13.3.rel1.win32_1.0.0.202411081344/tools/bin/../lib/gcc/arm-none-eabi/13.3.1/thumb/v7e-m+fp/hard\libgcc.a(_dvmd_tls.o)
                0x08000514                __aeabi_idiv0
                0x08000514                __aeabi_ldiv0
 *(.text*)
 .text.change_speed
                0x08000518       0x1e ./Core/Src/main.o
                0x08000518                change_speed
 *fill*         0x08000536        0x2 
 .text.light_green
                0x08000538       0xc0 ./Core/Src/main.o
                0x08000538                light_green
 .text.light_orange_red
                0x080005f8       0xb0 ./Core/Src/main.o
                0x080005f8                light_orange_red
 .text.light    0x080006a8       0x56 ./Core/Src/main.o
                0x080006a8                light
 *fill*         0x080006fe        0x2 
 .text.HAL_TIM_PeriodElapsedCallback
                0x08000700       0x54 ./Core/Src/main.o
                0x08000700                HAL_TIM_PeriodElapsedCallback
 .text.main     0x08000754       0x74 ./Core/Src/main.o
                0x08000754                main
 .text.SystemClock_Config
                0x080007c8       0xe0 ./Core/Src/main.o
                0x080007c8                SystemClock_Config
 .text.MX_TIM4_Init
                0x080008a8      0x120 ./Core/Src/main.o
 .text.MX_TIM6_Init
                0x080009c8       0x6c ./Core/Src/main.o
 .text.MX_TIM7_Init
                0x08000a34       0x6c ./Core/Src/main.o
 .text.MX_GPIO_Init
                0x08000aa0       0x6c ./Core/Src/main.o
 .text.Error_Handler
                0x08000b0c        0xc ./Core/Src/main.o
                0x08000b0c                Error_Handler
 .text.HAL_MspInit
                0x08000b18       0x50 ./Core/Src/stm32f4xx_hal_msp.o
                0x08000b18                HAL_MspInit
 .text.HAL_TIM_Base_MspInit
                0x08000b68       0xb8 ./Core/Src/stm32f4xx_hal_msp.o
                0x08000b68                HAL_TIM_Base_MspInit
 .text.HAL_TIM_MspPostInit
                0x08000c20       0x74 ./Core/Src/stm32f4xx_hal_msp.o
                0x08000c20                HAL_TIM_MspPostInit
 .text.NMI_Handler
                0x08000c94        0x8 ./Core/Src/stm32f4xx_it.o
                0x08000c94                NMI_Handler
 .text.HardFault_Handler
                0x08000c9c        0x8 ./Core/Src/stm32f4xx_it.o
                0x08000c9c                HardFault_Handler
 .text.MemManage_Handler
                0x08000ca4        0x8 ./Core/Src/stm32f4xx_it.o
                0x08000ca4                MemManage_Handler
 .text.BusFault_Handler
                0x08000cac        0x8 ./Core/Src/stm32f4xx_it.o
                0x08000cac                BusFault_Handler
 .text.UsageFault_Handler
                0x08000cb4        0x8 ./Core/Src/stm32f4xx_it.o
                0x08000cb4                UsageFault_Handler
 .text.SVC_Handler
                0x08000cbc        0xe ./Core/Src/stm32f4xx_it.o
                0x08000cbc                SVC_Handler
 .text.DebugMon_Handler
                0x08000cca        0xe ./Core/Src/stm32f4xx_it.o
                0x08000cca                DebugMon_Handler
 .text.PendSV_Handler
                0x08000cd8        0xe ./Core/Src/stm32f4xx_it.o
                0x08000cd8                PendSV_Handler
 .text.SysTick_Handler
                0x08000ce6        0xc ./Core/Src/stm32f4xx_it.o
                0x08000ce6                SysTick_Handler
 *fill*         0x08000cf2        0x2 
 .text.TIM6_DAC_IRQHandler
                0x08000cf4       0x14 ./Core/Src/stm32f4xx_it.o
                0x08000cf4                TIM6_DAC_IRQHandler
 .text.TIM7_IRQHandler
                0x08000d08       0x14 ./Core/Src/stm32f4xx_it.o
                0x08000d08                TIM7_IRQHandler
 .text.SystemInit
                0x08000d1c       0x24 ./Core/Src/system_stm32f4xx.o
                0x08000d1c                SystemInit
 .text.Reset_Handler
                0x08000d40       0x50 ./Core/Startup/startup_stm32f427vitx.o
                0x08000d40                Reset_Handler
 .text.Default_Handler
                0x08000d90        0x2 ./Core/Startup/startup_stm32f427vitx.o
                0x08000d90                RTC_Alarm_IRQHandler
                0x08000d90                HASH_RNG_IRQHandler
                0x08000d90                EXTI2_IRQHandler
                0x08000d90                TIM8_CC_IRQHandler
                0x08000d90                UART8_IRQHandler
                0x08000d90                SPI4_IRQHandler
                0x08000d90                TIM1_CC_IRQHandler
                0x08000d90                DMA2_Stream5_IRQHandler
                0x08000d90                DMA1_Stream5_IRQHandler
                0x08000d90                PVD_IRQHandler
                0x08000d90                SDIO_IRQHandler
                0x08000d90                TAMP_STAMP_IRQHandler
                0x08000d90                CAN2_RX1_IRQHandler
                0x08000d90                EXTI3_IRQHandler
                0x08000d90                TIM8_TRG_COM_TIM14_IRQHandler
                0x08000d90                TIM1_UP_TIM10_IRQHandler
                0x08000d90                TIM8_UP_TIM13_IRQHandler
                0x08000d90                I2C3_ER_IRQHandler
                0x08000d90                EXTI0_IRQHandler
                0x08000d90                I2C2_EV_IRQHandler
                0x08000d90                DMA1_Stream2_IRQHandler
                0x08000d90                CAN1_RX0_IRQHandler
                0x08000d90                FPU_IRQHandler
                0x08000d90                OTG_HS_WKUP_IRQHandler
                0x08000d90                CAN2_SCE_IRQHandler
                0x08000d90                DMA2_Stream2_IRQHandler
                0x08000d90                SPI1_IRQHandler
                0x08000d90                TIM1_BRK_TIM9_IRQHandler
                0x08000d90                DCMI_IRQHandler
                0x08000d90                CAN2_RX0_IRQHandler
                0x08000d90                DMA2_Stream3_IRQHandler
                0x08000d90                USART6_IRQHandler
                0x08000d90                USART3_IRQHandler
                0x08000d90                CAN1_RX1_IRQHandler
                0x08000d90                UART5_IRQHandler
                0x08000d90                DMA2_Stream0_IRQHandler
                0x08000d90                TIM4_IRQHandler
                0x08000d90                I2C1_EV_IRQHandler
                0x08000d90                DMA1_Stream6_IRQHandler
                0x08000d90                DMA1_Stream1_IRQHandler
                0x08000d90                UART4_IRQHandler
                0x08000d90                TIM3_IRQHandler
                0x08000d90                RCC_IRQHandler
                0x08000d90                TIM8_BRK_TIM12_IRQHandler
                0x08000d90                Default_Handler
                0x08000d90                EXTI15_10_IRQHandler
                0x08000d90                ADC_IRQHandler
                0x08000d90                DMA1_Stream7_IRQHandler
                0x08000d90                SPI5_IRQHandler
                0x08000d90                CAN2_TX_IRQHandler
                0x08000d90                TIM5_IRQHandler
                0x08000d90                DMA2_Stream7_IRQHandler
                0x08000d90                I2C3_EV_IRQHandler
                0x08000d90                EXTI9_5_IRQHandler
                0x08000d90                RTC_WKUP_IRQHandler
                0x08000d90                ETH_WKUP_IRQHandler
                0x08000d90                SPI2_IRQHandler
                0x08000d90                OTG_HS_EP1_IN_IRQHandler
                0x08000d90                DMA1_Stream0_IRQHandler
                0x08000d90                CAN1_TX_IRQHandler
                0x08000d90                EXTI4_IRQHandler
                0x08000d90                ETH_IRQHandler
                0x08000d90                OTG_HS_EP1_OUT_IRQHandler
                0x08000d90                WWDG_IRQHandler
                0x08000d90                SPI6_IRQHandler
                0x08000d90                TIM2_IRQHandler
                0x08000d90                OTG_FS_WKUP_IRQHandler
                0x08000d90                TIM1_TRG_COM_TIM11_IRQHandler
                0x08000d90                OTG_HS_IRQHandler
                0x08000d90                DMA2D_IRQHandler
                0x08000d90                EXTI1_IRQHandler
                0x08000d90                UART7_IRQHandler
                0x08000d90                USART2_IRQHandler
                0x08000d90                I2C2_ER_IRQHandler
                0x08000d90                DMA2_Stream1_IRQHandler
                0x08000d90                CAN1_SCE_IRQHandler
                0x08000d90                FLASH_IRQHandler
                0x08000d90                DMA2_Stream4_IRQHandler
                0x08000d90                USART1_IRQHandler
                0x08000d90                OTG_FS_IRQHandler
                0x08000d90                SPI3_IRQHandler
                0x08000d90                DMA1_Stream4_IRQHandler
                0x08000d90                I2C1_ER_IRQHandler
                0x08000d90                FMC_IRQHandler
                0x08000d90                DMA2_Stream6_IRQHandler
                0x08000d90                SAI1_IRQHandler
                0x08000d90                DMA1_Stream3_IRQHandler
 *fill*         0x08000d92        0x2 
 .text.HAL_Init
                0x08000d94       0x44 ./Drivers/STM32F4xx_HAL_Driver/Src/stm32f4xx_hal.o
                0x08000d94                HAL_Init
 .text.HAL_InitTick
                0x08000dd8       0x60 ./Drivers/STM32F4xx_HAL_Driver/Src/stm32f4xx_hal.o
                0x08000dd8                HAL_InitTick
 .text.HAL_IncTick
                0x08000e38       0x28 ./Drivers/STM32F4xx_HAL_Driver/Src/stm32f4xx_hal.o
                0x08000e38                HAL_IncTick
 .text.HAL_GetTick
                0x08000e60       0x18 ./Drivers/STM32F4xx_HAL_Driver/Src/stm32f4xx_hal.o
                0x08000e60                HAL_GetTick
 .text.__NVIC_SetPriorityGrouping
                0x08000e78       0x48 ./Drivers/STM32F4xx_HAL_Driver/Src/stm32f4xx_hal_cortex.o
 .text.__NVIC_GetPriorityGrouping
                0x08000ec0       0x1c ./Drivers/STM32F4xx_HAL_Driver/Src/stm32f4xx_hal_cortex.o
 .text.__NVIC_EnableIRQ
                0x08000edc       0x3c ./Drivers/STM32F4xx_HAL_Driver/Src/stm32f4xx_hal_cortex.o
 .text.__NVIC_SetPriority
                0x08000f18       0x54 ./Drivers/STM32F4xx_HAL_Driver/Src/stm32f4xx_hal_cortex.o
 .text.NVIC_EncodePriority
                0x08000f6c       0x66 ./Drivers/STM32F4xx_HAL_Driver/Src/stm32f4xx_hal_cortex.o
 *fill*         0x08000fd2        0x2 
 .text.SysTick_Config
                0x08000fd4       0x44 ./Drivers/STM32F4xx_HAL_Driver/Src/stm32f4xx_hal_cortex.o
 .text.HAL_NVIC_SetPriorityGrouping
                0x08001018       0x16 ./Drivers/STM32F4xx_HAL_Driver/Src/stm32f4xx_hal_cortex.o
                0x08001018                HAL_NVIC_SetPriorityGrouping
 .text.HAL_NVIC_SetPriority
                0x0800102e       0x38 ./Drivers/STM32F4xx_HAL_Driver/Src/stm32f4xx_hal_cortex.o
                0x0800102e                HAL_NVIC_SetPriority
 .text.HAL_NVIC_EnableIRQ
                0x08001066       0x1c ./Drivers/STM32F4xx_HAL_Driver/Src/stm32f4xx_hal_cortex.o
                0x08001066                HAL_NVIC_EnableIRQ
 .text.HAL_SYSTICK_Config
                0x08001082       0x18 ./Drivers/STM32F4xx_HAL_Driver/Src/stm32f4xx_hal_cortex.o
                0x08001082                HAL_SYSTICK_Config
 *fill*         0x0800109a        0x2 
 .text.HAL_GPIO_Init
                0x0800109c      0x358 ./Drivers/STM32F4xx_HAL_Driver/Src/stm32f4xx_hal_gpio.o
                0x0800109c                HAL_GPIO_Init
 .text.HAL_PWREx_EnableOverDrive
                0x080013f4       0xa0 ./Drivers/STM32F4xx_HAL_Driver/Src/stm32f4xx_hal_pwr_ex.o
                0x080013f4                HAL_PWREx_EnableOverDrive
 .text.HAL_RCC_OscConfig
                0x08001494      0x4f0 ./Drivers/STM32F4xx_HAL_Driver/Src/stm32f4xx_hal_rcc.o
                0x08001494                HAL_RCC_OscConfig
 .text.HAL_RCC_ClockConfig
                0x08001984      0x1cc ./Drivers/STM32F4xx_HAL_Driver/Src/stm32f4xx_hal_rcc.o
                0x08001984                HAL_RCC_ClockConfig
 .text.HAL_RCC_GetSysClockFreq
                0x08001b50      0x18c ./Drivers/STM32F4xx_HAL_Driver/Src/stm32f4xx_hal_rcc.o
                0x08001b50                HAL_RCC_GetSysClockFreq
 .text.HAL_TIM_Base_Init
                0x08001cdc       0x9e ./Drivers/STM32F4xx_HAL_Driver/Src/stm32f4xx_hal_tim.o
                0x08001cdc                HAL_TIM_Base_Init
 *fill*         0x08001d7a        0x2 
 .text.HAL_TIM_Base_Start_IT
                0x08001d7c       0xe0 ./Drivers/STM32F4xx_HAL_Driver/Src/stm32f4xx_hal_tim.o
                0x08001d7c                HAL_TIM_Base_Start_IT
 .text.HAL_TIM_PWM_Init
                0x08001e5c       0x9e ./Drivers/STM32F4xx_HAL_Driver/Src/stm32f4xx_hal_tim.o
                0x08001e5c                HAL_TIM_PWM_Init
 .text.HAL_TIM_PWM_MspInit
                0x08001efa       0x14 ./Drivers/STM32F4xx_HAL_Driver/Src/stm32f4xx_hal_tim.o
                0x08001efa                HAL_TIM_PWM_MspInit
 *fill*         0x08001f0e        0x2 
 .text.HAL_TIM_PWM_Start
                0x08001f10      0x190 ./Drivers/STM32F4xx_HAL_Driver/Src/stm32f4xx_hal_tim.o
                0x08001f10                HAL_TIM_PWM_Start
 .text.HAL_TIM_IRQHandler
                0x080020a0      0x1e0 ./Drivers/STM32F4xx_HAL_Driver/Src/stm32f4xx_hal_tim.o
                0x080020a0                HAL_TIM_IRQHandler
 .text.HAL_TIM_PWM_ConfigChannel
                0x08002280      0x184 ./Drivers/STM32F4xx_HAL_Driver/Src/stm32f4xx_hal_tim.o
                0x08002280                HAL_TIM_PWM_ConfigChannel
 .text.HAL_TIM_ConfigClockSource
                0x08002404      0x18e ./Drivers/STM32F4xx_HAL_Driver/Src/stm32f4xx_hal_tim.o
                0x08002404                HAL_TIM_ConfigClockSource
 .text.HAL_TIM_OC_DelayElapsedCallback
                0x08002592       0x14 ./Drivers/STM32F4xx_HAL_Driver/Src/stm32f4xx_hal_tim.o
                0x08002592                HAL_TIM_OC_DelayElapsedCallback
 .text.HAL_TIM_IC_CaptureCallback
                0x080025a6       0x14 ./Drivers/STM32F4xx_HAL_Driver/Src/stm32f4xx_hal_tim.o
                0x080025a6                HAL_TIM_IC_CaptureCallback
 .text.HAL_TIM_PWM_PulseFinishedCallback
                0x080025ba       0x14 ./Drivers/STM32F4xx_HAL_Driver/Src/stm32f4xx_hal_tim.o
                0x080025ba                HAL_TIM_PWM_PulseFinishedCallback
 .text.HAL_TIM_TriggerCallback
                0x080025ce       0x14 ./Drivers/STM32F4xx_HAL_Driver/Src/stm32f4xx_hal_tim.o
                0x080025ce                HAL_TIM_TriggerCallback
 *fill*         0x080025e2        0x2 
 .text.TIM_Base_SetConfig
                0x080025e4      0x14c ./Drivers/STM32F4xx_HAL_Driver/Src/stm32f4xx_hal_tim.o
                0x080025e4                TIM_Base_SetConfig
 .text.TIM_OC1_SetConfig
                0x08002730       0xe0 ./Drivers/STM32F4xx_HAL_Driver/Src/stm32f4xx_hal_tim.o
 .text.TIM_OC2_SetConfig
                0x08002810       0xec ./Drivers/STM32F4xx_HAL_Driver/Src/stm32f4xx_hal_tim.o
                0x08002810                TIM_OC2_SetConfig
 .text.TIM_OC3_SetConfig
                0x080028fc       0xe8 ./Drivers/STM32F4xx_HAL_Driver/Src/stm32f4xx_hal_tim.o
 .text.TIM_OC4_SetConfig
                0x080029e4       0xac ./Drivers/STM32F4xx_HAL_Driver/Src/stm32f4xx_hal_tim.o
 .text.TIM_TI1_ConfigInputStage
                0x08002a90       0x5e ./Drivers/STM32F4xx_HAL_Driver/Src/stm32f4xx_hal_tim.o
 .text.TIM_TI2_ConfigInputStage
                0x08002aee       0x60 ./Drivers/STM32F4xx_HAL_Driver/Src/stm32f4xx_hal_tim.o
 .text.TIM_ITRx_SetConfig
                0x08002b4e       0x36 ./Drivers/STM32F4xx_HAL_Driver/Src/stm32f4xx_hal_tim.o
 .text.TIM_ETR_SetConfig
                0x08002b84       0x40 ./Drivers/STM32F4xx_HAL_Driver/Src/stm32f4xx_hal_tim.o
                0x08002b84                TIM_ETR_SetConfig
 .text.TIM_CCxChannelCmd
                0x08002bc4       0x4a ./Drivers/STM32F4xx_HAL_Driver/Src/stm32f4xx_hal_tim.o
                0x08002bc4                TIM_CCxChannelCmd
 *fill*         0x08002c0e        0x2 
 .text.HAL_TIMEx_MasterConfigSynchronization
                0x08002c10       0xf8 ./Drivers/STM32F4xx_HAL_Driver/Src/stm32f4xx_hal_tim_ex.o
                0x08002c10                HAL_TIMEx_MasterConfigSynchronization
 .text.HAL_TIMEx_CommutCallback
                0x08002d08       0x14 ./Drivers/STM32F4xx_HAL_Driver/Src/stm32f4xx_hal_tim_ex.o
                0x08002d08                HAL_TIMEx_CommutCallback
 .text.HAL_TIMEx_BreakCallback
                0x08002d1c       0x14 ./Drivers/STM32F4xx_HAL_Driver/Src/stm32f4xx_hal_tim_ex.o
                0x08002d1c                HAL_TIMEx_BreakCallback
 .text.memset   0x08002d30       0x10 D:/stm/STM32CubeIDE_1.19.0/STM32CubeIDE/plugins/com.st.stm32cube.ide.mcu.externaltools.gnu-tools-for-stm32.13.3.rel1.win32_1.0.0.202411081344/tools/bin/../lib/gcc/arm-none-eabi/13.3.1/../../../../arm-none-eabi/lib/thumb/v7e-m+fp/hard\libc_nano.a(libc_a-memset.o)
                0x08002d30                memset
 .text.__libc_init_array
                0x08002d40       0x48 D:/stm/STM32CubeIDE_1.19.0/STM32CubeIDE/plugins/com.st.stm32cube.ide.mcu.externaltools.gnu-tools-for-stm32.13.3.rel1.win32_1.0.0.202411081344/tools/bin/../lib/gcc/arm-none-eabi/13.3.1/../../../../arm-none-eabi/lib/thumb/v7e-m+fp/hard\libc_nano.a(libc_a-init.o)
                0x08002d40                __libc_init_array
 *(.glue_7)
 .glue_7        0x08002d88        0x0 linker stubs
 *(.glue_7t)
 .glue_7t       0x08002d88        0x0 linker stubs
 *(.eh_frame)
 .eh_frame      0x08002d88        0x0 D:/stm/STM32CubeIDE_1.19.0/STM32CubeIDE/plugins/com.st.stm32cube.ide.mcu.externaltools.gnu-tools-for-stm32.13.3.rel1.win32_1.0.0.202411081344/tools/bin/../lib/gcc/arm-none-eabi/13.3.1/thumb/v7e-m+fp/hard/crtbegin.o
 *(.init)
 .init          0x08002d88        0x4 D:/stm/STM32CubeIDE_1.19.0/STM32CubeIDE/plugins/com.st.stm32cube.ide.mcu.externaltools.gnu-tools-for-stm32.13.3.rel1.win32_1.0.0.202411081344/tools/bin/../lib/gcc/arm-none-eabi/13.3.1/thumb/v7e-m+fp/hard/crti.o
                0x08002d88                _init
 .init          0x08002d8c        0x8 D:/stm/STM32CubeIDE_1.19.0/STM32CubeIDE/plugins/com.st.stm32cube.ide.mcu.externaltools.gnu-tools-for-stm32.13.3.rel1.win32_1.0.0.202411081344/tools/bin/../lib/gcc/arm-none-eabi/13.3.1/thumb/v7e-m+fp/hard/crtn.o
 *(.fini)
 .fini          0x08002d94        0x4 D:/stm/STM32CubeIDE_1.19.0/STM32CubeIDE/plugins/com.st.stm32cube.ide.mcu.externaltools.gnu-tools-for-stm32.13.3.rel1.win32_1.0.0.202411081344/tools/bin/../lib/gcc/arm-none-eabi/13.3.1/thumb/v7e-m+fp/hard/crti.o
                0x08002d94                _fini
 .fini          0x08002d98        0x8 D:/stm/STM32CubeIDE_1.19.0/STM32CubeIDE/plugins/com.st.stm32cube.ide.mcu.externaltools.gnu-tools-for-stm32.13.3.rel1.win32_1.0.0.202411081344/tools/bin/../lib/gcc/arm-none-eabi/13.3.1/thumb/v7e-m+fp/hard/crtn.o
                0x08002da0                        . = ALIGN (0x4)
                0x08002da0                        _etext = .

.vfp11_veneer   0x08002da0        0x0
 .vfp11_veneer  0x08002da0        0x0 linker stubs

.v4_bx          0x08002da0        0x0
 .v4_bx         0x08002da0        0x0 linker stubs

.iplt           0x08002da0        0x0
 .iplt          0x08002da0        0x0 D:/stm/STM32CubeIDE_1.19.0/STM32CubeIDE/plugins/com.st.stm32cube.ide.mcu.externaltools.gnu-tools-for-stm32.13.3.rel1.win32_1.0.0.202411081344/tools/bin/../lib/gcc/arm-none-eabi/13.3.1/thumb/v7e-m+fp/hard/crtbegin.o

.rodata         0x08002da0       0x10
                0x08002da0                        . = ALIGN (0x4)
 *(.rodata)
 *(.rodata*)
 .rodata.AHBPrescTable
                0x08002da0       0x10 ./Core/Src/system_stm32f4xx.o
                0x08002da0                AHBPrescTable
                0x08002db0                        . = ALIGN (0x4)

.ARM.extab      0x08002db0        0x0
                0x08002db0                        . = ALIGN (0x4)
 *(.ARM.extab* .gnu.linkonce.armextab.*)
                0x08002db0                        . = ALIGN (0x4)

.ARM            0x08002db0        0x8
                0x08002db0                        . = ALIGN (0x4)
                0x08002db0                        __exidx_start = .
 *(.ARM.exidx*)
 .ARM.exidx     0x08002db0        0x8 D:/stm/STM32CubeIDE_1.19.0/STM32CubeIDE/plugins/com.st.stm32cube.ide.mcu.externaltools.gnu-tools-for-stm32.13.3.rel1.win32_1.0.0.202411081344/tools/bin/../lib/gcc/arm-none-eabi/13.3.1/thumb/v7e-m+fp/hard\libgcc.a(_udivmoddi4.o)
                0x08002db8                        __exidx_end = .
                0x08002db8                        . = ALIGN (0x4)

.preinit_array  0x08002db8        0x0
                0x08002db8                        . = ALIGN (0x4)
                0x08002db8                        PROVIDE (__preinit_array_start = .)
 *(.preinit_array*)
                0x08002db8                        PROVIDE (__preinit_array_end = .)
                0x08002db8                        . = ALIGN (0x4)

.init_array     0x08002db8        0x4
                0x08002db8                        . = ALIGN (0x4)
                0x08002db8                        PROVIDE (__init_array_start = .)
 *(SORT_BY_NAME(.init_array.*))
 *(.init_array*)
 .init_array    0x08002db8        0x4 D:/stm/STM32CubeIDE_1.19.0/STM32CubeIDE/plugins/com.st.stm32cube.ide.mcu.externaltools.gnu-tools-for-stm32.13.3.rel1.win32_1.0.0.202411081344/tools/bin/../lib/gcc/arm-none-eabi/13.3.1/thumb/v7e-m+fp/hard/crtbegin.o
                0x08002dbc                        PROVIDE (__init_array_end = .)
                0x08002dbc                        . = ALIGN (0x4)

.fini_array     0x08002dbc        0x4
                0x08002dbc                        . = ALIGN (0x4)
                [!provide]                        PROVIDE (__fini_array_start = .)
 *(SORT_BY_NAME(.fini_array.*))
 *(.fini_array*)
 .fini_array    0x08002dbc        0x4 D:/stm/STM32CubeIDE_1.19.0/STM32CubeIDE/plugins/com.st.stm32cube.ide.mcu.externaltools.gnu-tools-for-stm32.13.3.rel1.win32_1.0.0.202411081344/tools/bin/../lib/gcc/arm-none-eabi/13.3.1/thumb/v7e-m+fp/hard/crtbegin.o
                [!provide]                        PROVIDE (__fini_array_end = .)
                0x08002dc0                        . = ALIGN (0x4)
                0x08002dc0                        _sidata = LOADADDR (.data)

.rel.dyn        0x08002dc0        0x0
 .rel.iplt      0x08002dc0        0x0 D:/stm/STM32CubeIDE_1.19.0/STM32CubeIDE/plugins/com.st.stm32cube.ide.mcu.externaltools.gnu-tools-for-stm32.13.3.rel1.win32_1.0.0.202411081344/tools/bin/../lib/gcc/arm-none-eabi/13.3.1/thumb/v7e-m+fp/hard/crtbegin.o

.data           0x20000000       0x1c load address 0x08002dc0
                0x20000000                        . = ALIGN (0x4)
                0x20000000                        _sdata = .
 *(.data)
 *(.data*)
 .data.max_green
                0x20000000        0x4 ./Core/Src/main.o
                0x20000000                max_green
 .data.max_ro   0x20000004        0x4 ./Core/Src/main.o
                0x20000004                max_ro
 .data.is_up_green_global
                0x20000008        0x4 ./Core/Src/main.o
                0x20000008                is_up_green_global
 .data.is_up_ro_global
                0x2000000c        0x4 ./Core/Src/main.o
                0x2000000c                is_up_ro_global
 .data.SystemCoreClock
                0x20000010        0x4 ./Core/Src/system_stm32f4xx.o
                0x20000010                SystemCoreClock
 .data.uwTickPrio
                0x20000014        0x4 ./Drivers/STM32F4xx_HAL_Driver/Src/stm32f4xx_hal.o
                0x20000014                uwTickPrio
 .data.uwTickFreq
                0x20000018        0x1 ./Drivers/STM32F4xx_HAL_Driver/Src/stm32f4xx_hal.o
                0x20000018                uwTickFreq
 *(.RamFunc)
 *(.RamFunc*)
                0x2000001c                        . = ALIGN (0x4)
 *fill*         0x20000019        0x3 
                0x2000001c                        _edata = .
                0x08002ddc                        _siccmram = LOADADDR (.ccmram)

.igot.plt       0x2000001c        0x0 load address 0x08002ddc
 .igot.plt      0x2000001c        0x0 D:/stm/STM32CubeIDE_1.19.0/STM32CubeIDE/plugins/com.st.stm32cube.ide.mcu.externaltools.gnu-tools-for-stm32.13.3.rel1.win32_1.0.0.202411081344/tools/bin/../lib/gcc/arm-none-eabi/13.3.1/thumb/v7e-m+fp/hard/crtbegin.o

.ccmram         0x10000000        0x0 load address 0x08002ddc
                0x10000000                        . = ALIGN (0x4)
                0x10000000                        _sccmram = .
 *(.ccmram)
 *(.ccmram*)
                0x10000000                        . = ALIGN (0x4)
                0x10000000                        _eccmram = .
                0x10000000                        . = ALIGN (0x4)

.bss            0x2000001c       0xf8
                0x2000001c                        _sbss = .
                0x2000001c                        __bss_start__ = _sbss
 *(.bss)
 .bss           0x2000001c       0x1c D:/stm/STM32CubeIDE_1.19.0/STM32CubeIDE/plugins/com.st.stm32cube.ide.mcu.externaltools.gnu-tools-for-stm32.13.3.rel1.win32_1.0.0.202411081344/tools/bin/../lib/gcc/arm-none-eabi/13.3.1/thumb/v7e-m+fp/hard/crtbegin.o
 *(.bss*)
 .bss.htim4     0x20000038       0x48 ./Core/Src/main.o
                0x20000038                htim4
 .bss.htim6     0x20000080       0x48 ./Core/Src/main.o
                0x20000080                htim6
 .bss.htim7     0x200000c8       0x48 ./Core/Src/main.o
                0x200000c8                htim7
 .bss.uwTick    0x20000110        0x4 ./Drivers/STM32F4xx_HAL_Driver/Src/stm32f4xx_hal.o
                0x20000110                uwTick
 *(COMMON)
                0x20000114                        . = ALIGN (0x4)
                0x20000114                        _ebss = .
                0x20000114                        __bss_end__ = _ebss

._user_heap_stack
                0x20000114      0x604
                0x20000118                        . = ALIGN (0x8)
 *fill*         0x20000114        0x4 
                [!provide]                        PROVIDE (end = .)
                0x20000118                        PROVIDE (_end = .)
                0x20000318                        . = (. + _Min_Heap_Size)
 *fill*         0x20000118      0x200 
                0x20000718                        . = (. + _Min_Stack_Size)
 *fill*         0x20000318      0x400 
                0x20000718                        . = ALIGN (0x8)

/DISCARD/
 libc.a(*)
 libm.a(*)
 libgcc.a(*)

.ARM.attributes
                0x00000000       0x30
 *(.ARM.attributes)
 .ARM.attributes
                0x00000000       0x22 D:/stm/STM32CubeIDE_1.19.0/STM32CubeIDE/plugins/com.st.stm32cube.ide.mcu.externaltools.gnu-tools-for-stm32.13.3.rel1.win32_1.0.0.202411081344/tools/bin/../lib/gcc/arm-none-eabi/13.3.1/thumb/v7e-m+fp/hard/crti.o
 .ARM.attributes
                0x00000022       0x34 D:/stm/STM32CubeIDE_1.19.0/STM32CubeIDE/plugins/com.st.stm32cube.ide.mcu.externaltools.gnu-tools-for-stm32.13.3.rel1.win32_1.0.0.202411081344/tools/bin/../lib/gcc/arm-none-eabi/13.3.1/thumb/v7e-m+fp/hard/crtbegin.o
 .ARM.attributes
                0x00000056       0x34 ./Core/Src/main.o
 .ARM.attributes
                0x0000008a       0x34 ./Core/Src/stm32f4xx_hal_msp.o
 .ARM.attributes
                0x000000be       0x34 ./Core/Src/stm32f4xx_it.o
 .ARM.attributes
                0x000000f2       0x34 ./Core/Src/system_stm32f4xx.o
 .ARM.attributes
                0x00000126       0x21 ./Core/Startup/startup_stm32f427vitx.o
 .ARM.attributes
                0x00000147       0x34 ./Drivers/STM32F4xx_HAL_Driver/Src/stm32f4xx_hal.o
 .ARM.attributes
                0x0000017b       0x34 ./Drivers/STM32F4xx_HAL_Driver/Src/stm32f4xx_hal_cortex.o
 .ARM.attributes
                0x000001af       0x34 ./Drivers/STM32F4xx_HAL_Driver/Src/stm32f4xx_hal_gpio.o
 .ARM.attributes
                0x000001e3       0x34 ./Drivers/STM32F4xx_HAL_Driver/Src/stm32f4xx_hal_pwr_ex.o
 .ARM.attributes
                0x00000217       0x34 ./Drivers/STM32F4xx_HAL_Driver/Src/stm32f4xx_hal_rcc.o
 .ARM.attributes
                0x0000024b       0x34 ./Drivers/STM32F4xx_HAL_Driver/Src/stm32f4xx_hal_tim.o
 .ARM.attributes
                0x0000027f       0x34 ./Drivers/STM32F4xx_HAL_Driver/Src/stm32f4xx_hal_tim_ex.o
 .ARM.attributes
                0x000002b3       0x34 D:/stm/STM32CubeIDE_1.19.0/STM32CubeIDE/plugins/com.st.stm32cube.ide.mcu.externaltools.gnu-tools-for-stm32.13.3.rel1.win32_1.0.0.202411081344/tools/bin/../lib/gcc/arm-none-eabi/13.3.1/../../../../arm-none-eabi/lib/thumb/v7e-m+fp/hard\libc_nano.a(libc_a-memset.o)
 .ARM.attributes
                0x000002e7       0x34 D:/stm/STM32CubeIDE_1.19.0/STM32CubeIDE/plugins/com.st.stm32cube.ide.mcu.externaltools.gnu-tools-for-stm32.13.3.rel1.win32_1.0.0.202411081344/tools/bin/../lib/gcc/arm-none-eabi/13.3.1/../../../../arm-none-eabi/lib/thumb/v7e-m+fp/hard\libc_nano.a(libc_a-init.o)
 .ARM.attributes
                0x0000031b       0x22 D:/stm/STM32CubeIDE_1.19.0/STM32CubeIDE/plugins/com.st.stm32cube.ide.mcu.externaltools.gnu-tools-for-stm32.13.3.rel1.win32_1.0.0.202411081344/tools/bin/../lib/gcc/arm-none-eabi/13.3.1/thumb/v7e-m+fp/hard\libgcc.a(_aeabi_uldivmod.o)
 .ARM.attributes
                0x0000033d       0x34 D:/stm/STM32CubeIDE_1.19.0/STM32CubeIDE/plugins/com.st.stm32cube.ide.mcu.externaltools.gnu-tools-for-stm32.13.3.rel1.win32_1.0.0.202411081344/tools/bin/../lib/gcc/arm-none-eabi/13.3.1/thumb/v7e-m+fp/hard\libgcc.a(_udivmoddi4.o)
 .ARM.attributes
                0x00000371       0x22 D:/stm/STM32CubeIDE_1.19.0/STM32CubeIDE/plugins/com.st.stm32cube.ide.mcu.externaltools.gnu-tools-for-stm32.13.3.rel1.win32_1.0.0.202411081344/tools/bin/../lib/gcc/arm-none-eabi/13.3.1/thumb/v7e-m+fp/hard\libgcc.a(_dvmd_tls.o)
 .ARM.attributes
                0x00000393       0x22 D:/stm/STM32CubeIDE_1.19.0/STM32CubeIDE/plugins/com.st.stm32cube.ide.mcu.externaltools.gnu-tools-for-stm32.13.3.rel1.win32_1.0.0.202411081344/tools/bin/../lib/gcc/arm-none-eabi/13.3.1/thumb/v7e-m+fp/hard/crtn.o
OUTPUT(lab3-csd.elf elf32-littlearm)
LOAD linker stubs
LOAD D:/stm/STM32CubeIDE_1.19.0/STM32CubeIDE/plugins/com.st.stm32cube.ide.mcu.externaltools.gnu-tools-for-stm32.13.3.rel1.win32_1.0.0.202411081344/tools/bin/../lib/gcc/arm-none-eabi/13.3.1/../../../../arm-none-eabi/lib/thumb/v7e-m+fp/hard\libc.a
LOAD D:/stm/STM32CubeIDE_1.19.0/STM32CubeIDE/plugins/com.st.stm32cube.ide.mcu.externaltools.gnu-tools-for-stm32.13.3.rel1.win32_1.0.0.202411081344/tools/bin/../lib/gcc/arm-none-eabi/13.3.1/../../../../arm-none-eabi/lib/thumb/v7e-m+fp/hard\libm.a
LOAD D:/stm/STM32CubeIDE_1.19.0/STM32CubeIDE/plugins/com.st.stm32cube.ide.mcu.externaltools.gnu-tools-for-stm32.13.3.rel1.win32_1.0.0.202411081344/tools/bin/../lib/gcc/arm-none-eabi/13.3.1/thumb/v7e-m+fp/hard\libgcc.a

.debug_info     0x00000000     0x9572
 .debug_info    0x00000000      0xfca ./Core/Src/main.o
 .debug_info    0x00000fca      0xd01 ./Core/Src/stm32f4xx_hal_msp.o
 .debug_info    0x00001ccb      0x6f9 ./Core/Src/stm32f4xx_it.o
 .debug_info    0x000023c4      0x52e ./Core/Src/system_stm32f4xx.o
 .debug_info    0x000028f2       0x30 ./Core/Startup/startup_stm32f427vitx.o
 .debug_info    0x00002922      0x9ae ./Drivers/STM32F4xx_HAL_Driver/Src/stm32f4xx_hal.o
 .debug_info    0x000032d0      0xdb6 ./Drivers/STM32F4xx_HAL_Driver/Src/stm32f4xx_hal_cortex.o
 .debug_info    0x00004086      0x6db ./Drivers/STM32F4xx_HAL_Driver/Src/stm32f4xx_hal_gpio.o
 .debug_info    0x00004761      0x6be ./Drivers/STM32F4xx_HAL_Driver/Src/stm32f4xx_hal_pwr_ex.o
 .debug_info    0x00004e1f      0x8db ./Drivers/STM32F4xx_HAL_Driver/Src/stm32f4xx_hal_rcc.o
 .debug_info    0x000056fa     0x299d ./Drivers/STM32F4xx_HAL_Driver/Src/stm32f4xx_hal_tim.o
 .debug_info    0x00008097     0x14db ./Drivers/STM32F4xx_HAL_Driver/Src/stm32f4xx_hal_tim_ex.o

.debug_abbrev   0x00000000     0x17f8
 .debug_abbrev  0x00000000      0x2cc ./Core/Src/main.o
 .debug_abbrev  0x000002cc      0x1d4 ./Core/Src/stm32f4xx_hal_msp.o
 .debug_abbrev  0x000004a0      0x194 ./Core/Src/stm32f4xx_it.o
 .debug_abbrev  0x00000634      0x11a ./Core/Src/system_stm32f4xx.o
 .debug_abbrev  0x0000074e       0x24 ./Core/Startup/startup_stm32f427vitx.o
 .debug_abbrev  0x00000772      0x214 ./Drivers/STM32F4xx_HAL_Driver/Src/stm32f4xx_hal.o
 .debug_abbrev  0x00000986      0x31d ./Drivers/STM32F4xx_HAL_Driver/Src/stm32f4xx_hal_cortex.o
 .debug_abbrev  0x00000ca3      0x1d4 ./Drivers/STM32F4xx_HAL_Driver/Src/stm32f4xx_hal_gpio.o
 .debug_abbrev  0x00000e77      0x1cf ./Drivers/STM32F4xx_HAL_Driver/Src/stm32f4xx_hal_pwr_ex.o
 .debug_abbrev  0x00001046      0x2b7 ./Drivers/STM32F4xx_HAL_Driver/Src/stm32f4xx_hal_rcc.o
 .debug_abbrev  0x000012fd      0x278 ./Drivers/STM32F4xx_HAL_Driver/Src/stm32f4xx_hal_tim.o
 .debug_abbrev  0x00001575      0x283 ./Drivers/STM32F4xx_HAL_Driver/Src/stm32f4xx_hal_tim_ex.o

.debug_aranges  0x00000000      0xa18
 .debug_aranges
                0x00000000       0x78 ./Core/Src/main.o
 .debug_aranges
                0x00000078       0x38 ./Core/Src/stm32f4xx_hal_msp.o
 .debug_aranges
                0x000000b0       0x70 ./Core/Src/stm32f4xx_it.o
 .debug_aranges
                0x00000120       0x28 ./Core/Src/system_stm32f4xx.o
 .debug_aranges
                0x00000148       0x28 ./Core/Startup/startup_stm32f427vitx.o
 .debug_aranges
                0x00000170      0x100 ./Drivers/STM32F4xx_HAL_Driver/Src/stm32f4xx_hal.o
 .debug_aranges
                0x00000270      0x130 ./Drivers/STM32F4xx_HAL_Driver/Src/stm32f4xx_hal_cortex.o
 .debug_aranges
                0x000003a0       0x58 ./Drivers/STM32F4xx_HAL_Driver/Src/stm32f4xx_hal_gpio.o
 .debug_aranges
                0x000003f8       0x60 ./Drivers/STM32F4xx_HAL_Driver/Src/stm32f4xx_hal_pwr_ex.o
 .debug_aranges
                0x00000458       0x88 ./Drivers/STM32F4xx_HAL_Driver/Src/stm32f4xx_hal_rcc.o
 .debug_aranges
                0x000004e0      0x3d0 ./Drivers/STM32F4xx_HAL_Driver/Src/stm32f4xx_hal_tim.o
 .debug_aranges
                0x000008b0      0x168 ./Drivers/STM32F4xx_HAL_Driver/Src/stm32f4xx_hal_tim_ex.o

.debug_rnglists
                0x00000000      0x7c7
 .debug_rnglists
                0x00000000       0x59 ./Core/Src/main.o
 .debug_rnglists
                0x00000059       0x26 ./Core/Src/stm32f4xx_hal_msp.o
 .debug_rnglists
                0x0000007f       0x4f ./Core/Src/stm32f4xx_it.o
 .debug_rnglists
                0x000000ce       0x1a ./Core/Src/system_stm32f4xx.o
 .debug_rnglists
                0x000000e8       0x19 ./Core/Startup/startup_stm32f427vitx.o
 .debug_rnglists
                0x00000101       0xbb ./Drivers/STM32F4xx_HAL_Driver/Src/stm32f4xx_hal.o
 .debug_rnglists
                0x000001bc       0xe0 ./Drivers/STM32F4xx_HAL_Driver/Src/stm32f4xx_hal_cortex.o
 .debug_rnglists
                0x0000029c       0x3f ./Drivers/STM32F4xx_HAL_Driver/Src/stm32f4xx_hal_gpio.o
 .debug_rnglists
                0x000002db       0x47 ./Drivers/STM32F4xx_HAL_Driver/Src/stm32f4xx_hal_pwr_ex.o
 .debug_rnglists
                0x00000322       0x66 ./Drivers/STM32F4xx_HAL_Driver/Src/stm32f4xx_hal_rcc.o
 .debug_rnglists
                0x00000388      0x31a ./Drivers/STM32F4xx_HAL_Driver/Src/stm32f4xx_hal_tim.o
 .debug_rnglists
                0x000006a2      0x125 ./Drivers/STM32F4xx_HAL_Driver/Src/stm32f4xx_hal_tim_ex.o

.debug_macro    0x00000000    0x21dbe
 .debug_macro   0x00000000      0x1fe ./Core/Src/main.o
 .debug_macro   0x000001fe      0xad8 ./Core/Src/main.o
 .debug_macro   0x00000cd6      0x295 ./Core/Src/main.o
 .debug_macro   0x00000f6b       0x2e ./Core/Src/main.o
 .debug_macro   0x00000f99       0x28 ./Core/Src/main.o
 .debug_macro   0x00000fc1       0x22 ./Core/Src/main.o
 .debug_macro   0x00000fe3       0x8e ./Core/Src/main.o
 .debug_macro   0x00001071       0x51 ./Core/Src/main.o
 .debug_macro   0x000010c2      0x103 ./Core/Src/main.o
 .debug_macro   0x000011c5       0x6a ./Core/Src/main.o
 .debug_macro   0x0000122f      0x1df ./Core/Src/main.o
 .debug_macro   0x0000140e       0x1c ./Core/Src/main.o
 .debug_macro   0x0000142a       0x22 ./Core/Src/main.o
 .debug_macro   0x0000144c       0xfb ./Core/Src/main.o
 .debug_macro   0x00001547     0x1011 ./Core/Src/main.o
 .debug_macro   0x00002558      0x11f ./Core/Src/main.o
 .debug_macro   0x00002677    0x178cc ./Core/Src/main.o
 .debug_macro   0x00019f43       0x6d ./Core/Src/main.o
 .debug_macro   0x00019fb0     0x370a ./Core/Src/main.o
 .debug_macro   0x0001d6ba      0x190 ./Core/Src/main.o
 .debug_macro   0x0001d84a       0x5c ./Core/Src/main.o
 .debug_macro   0x0001d8a6      0xc82 ./Core/Src/main.o
 .debug_macro   0x0001e528      0x9e9 ./Core/Src/main.o
 .debug_macro   0x0001ef11      0x115 ./Core/Src/main.o
 .debug_macro   0x0001f026      0x16f ./Core/Src/main.o
 .debug_macro   0x0001f195       0xa5 ./Core/Src/main.o
 .debug_macro   0x0001f23a      0x182 ./Core/Src/main.o
 .debug_macro   0x0001f3bc      0x287 ./Core/Src/main.o
 .debug_macro   0x0001f643       0x5f ./Core/Src/main.o
 .debug_macro   0x0001f6a2      0x236 ./Core/Src/main.o
 .debug_macro   0x0001f8d8      0x132 ./Core/Src/main.o
 .debug_macro   0x0001fa0a      0x41d ./Core/Src/main.o
 .debug_macro   0x0001fe27       0x2e ./Core/Src/main.o
 .debug_macro   0x0001fe55      0x127 ./Core/Src/main.o
 .debug_macro   0x0001ff7c       0xe2 ./Core/Src/main.o
 .debug_macro   0x0002005e       0x89 ./Core/Src/main.o
 .debug_macro   0x000200e7      0x8ed ./Core/Src/main.o
 .debug_macro   0x000209d4       0x4d ./Core/Src/main.o
 .debug_macro   0x00020a21      0x134 ./Core/Src/main.o
 .debug_macro   0x00020b55      0x1ce ./Core/Src/stm32f4xx_hal_msp.o
 .debug_macro   0x00020d23      0x1d8 ./Core/Src/stm32f4xx_it.o
 .debug_macro   0x00020efb      0x1c4 ./Core/Src/system_stm32f4xx.o
 .debug_macro   0x000210bf      0x224 ./Drivers/STM32F4xx_HAL_Driver/Src/stm32f4xx_hal.o
 .debug_macro   0x000212e3      0x1c4 ./Drivers/STM32F4xx_HAL_Driver/Src/stm32f4xx_hal_cortex.o
 .debug_macro   0x000214a7      0x1ca ./Drivers/STM32F4xx_HAL_Driver/Src/stm32f4xx_hal_gpio.o
 .debug_macro   0x00021671      0x1dc ./Drivers/STM32F4xx_HAL_Driver/Src/stm32f4xx_hal_pwr_ex.o
 .debug_macro   0x0002184d      0x1e8 ./Drivers/STM32F4xx_HAL_Driver/Src/stm32f4xx_hal_rcc.o
 .debug_macro   0x00021a35      0x1c5 ./Drivers/STM32F4xx_HAL_Driver/Src/stm32f4xx_hal_tim.o
 .debug_macro   0x00021bfa      0x1c4 ./Drivers/STM32F4xx_HAL_Driver/Src/stm32f4xx_hal_tim_ex.o

.debug_line     0x00000000     0xae7c
 .debug_line    0x00000000      0xa98 ./Core/Src/main.o
 .debug_line    0x00000a98      0x7e0 ./Core/Src/stm32f4xx_hal_msp.o
 .debug_line    0x00001278      0x811 ./Core/Src/stm32f4xx_it.o
 .debug_line    0x00001a89      0x7a8 ./Core/Src/system_stm32f4xx.o
 .debug_line    0x00002231       0x7a ./Core/Startup/startup_stm32f427vitx.o
 .debug_line    0x000022ab      0xa5a ./Drivers/STM32F4xx_HAL_Driver/Src/stm32f4xx_hal.o
 .debug_line    0x00002d05      0xcf4 ./Drivers/STM32F4xx_HAL_Driver/Src/stm32f4xx_hal_cortex.o
 .debug_line    0x000039f9      0xba4 ./Drivers/STM32F4xx_HAL_Driver/Src/stm32f4xx_hal_gpio.o
 .debug_line    0x0000459d      0x991 ./Drivers/STM32F4xx_HAL_Driver/Src/stm32f4xx_hal_pwr_ex.o
 .debug_line    0x00004f2e      0xe31 ./Drivers/STM32F4xx_HAL_Driver/Src/stm32f4xx_hal_rcc.o
 .debug_line    0x00005d5f     0x3799 ./Drivers/STM32F4xx_HAL_Driver/Src/stm32f4xx_hal_tim.o
 .debug_line    0x000094f8     0x1984 ./Drivers/STM32F4xx_HAL_Driver/Src/stm32f4xx_hal_tim_ex.o

.debug_str      0x00000000    0xd1b68
 .debug_str     0x00000000    0xd1b68 ./Core/Src/main.o
                              0xcf5da (size before relaxing)
 .debug_str     0x000d1b68    0xcf6ea ./Core/Src/stm32f4xx_hal_msp.o
 .debug_str     0x000d1b68    0xcf048 ./Core/Src/stm32f4xx_it.o
 .debug_str     0x000d1b68    0xcec0d ./Core/Src/system_stm32f4xx.o
 .debug_str     0x000d1b68       0x6e ./Core/Startup/startup_stm32f427vitx.o
 .debug_str     0x000d1b68    0xcf819 ./Drivers/STM32F4xx_HAL_Driver/Src/stm32f4xx_hal.o
 .debug_str     0x000d1b68    0xcf547 ./Drivers/STM32F4xx_HAL_Driver/Src/stm32f4xx_hal_cortex.o
 .debug_str     0x000d1b68    0xced88 ./Drivers/STM32F4xx_HAL_Driver/Src/stm32f4xx_hal_gpio.o
 .debug_str     0x000d1b68    0xcede5 ./Drivers/STM32F4xx_HAL_Driver/Src/stm32f4xx_hal_pwr_ex.o
 .debug_str     0x000d1b68    0xcf041 ./Drivers/STM32F4xx_HAL_Driver/Src/stm32f4xx_hal_rcc.o
 .debug_str     0x000d1b68    0xcff84 ./Drivers/STM32F4xx_HAL_Driver/Src/stm32f4xx_hal_tim.o
 .debug_str     0x000d1b68    0xcf790 ./Drivers/STM32F4xx_HAL_Driver/Src/stm32f4xx_hal_tim_ex.o

.comment        0x00000000       0x43
 .comment       0x00000000       0x43 ./Core/Src/main.o
                                 0x44 (size before relaxing)
 .comment       0x00000043       0x44 ./Core/Src/stm32f4xx_hal_msp.o
 .comment       0x00000043       0x44 ./Core/Src/stm32f4xx_it.o
 .comment       0x00000043       0x44 ./Core/Src/system_stm32f4xx.o
 .comment       0x00000043       0x44 ./Drivers/STM32F4xx_HAL_Driver/Src/stm32f4xx_hal.o
 .comment       0x00000043       0x44 ./Drivers/STM32F4xx_HAL_Driver/Src/stm32f4xx_hal_cortex.o
 .comment       0x00000043       0x44 ./Drivers/STM32F4xx_HAL_Driver/Src/stm32f4xx_hal_gpio.o
 .comment       0x00000043       0x44 ./Drivers/STM32F4xx_HAL_Driver/Src/stm32f4xx_hal_pwr_ex.o
 .comment       0x00000043       0x44 ./Drivers/STM32F4xx_HAL_Driver/Src/stm32f4xx_hal_rcc.o
 .comment       0x00000043       0x44 ./Drivers/STM32F4xx_HAL_Driver/Src/stm32f4xx_hal_tim.o
 .comment       0x00000043       0x44 ./Drivers/STM32F4xx_HAL_Driver/Src/stm32f4xx_hal_tim_ex.o

.debug_frame    0x00000000     0x29e0
 .debug_frame   0x00000000      0x1bc ./Core/Src/main.o
 .debug_frame   0x000001bc       0xa4 ./Core/Src/stm32f4xx_hal_msp.o
 .debug_frame   0x00000260      0x13c ./Core/Src/stm32f4xx_it.o
 .debug_frame   0x0000039c       0x58 ./Core/Src/system_stm32f4xx.o
 .debug_frame   0x000003f4      0x3b4 ./Drivers/STM32F4xx_HAL_Driver/Src/stm32f4xx_hal.o
 .debug_frame   0x000007a8      0x508 ./Drivers/STM32F4xx_HAL_Driver/Src/stm32f4xx_hal_cortex.o
 .debug_frame   0x00000cb0      0x14c ./Drivers/STM32F4xx_HAL_Driver/Src/stm32f4xx_hal_gpio.o
 .debug_frame   0x00000dfc      0x14c ./Drivers/STM32F4xx_HAL_Driver/Src/stm32f4xx_hal_pwr_ex.o
 .debug_frame   0x00000f48      0x1f4 ./Drivers/STM32F4xx_HAL_Driver/Src/stm32f4xx_hal_rcc.o
 .debug_frame   0x0000113c     0x11c0 ./Drivers/STM32F4xx_HAL_Driver/Src/stm32f4xx_hal_tim.o
 .debug_frame   0x000022fc      0x638 ./Drivers/STM32F4xx_HAL_Driver/Src/stm32f4xx_hal_tim_ex.o
 .debug_frame   0x00002934       0x20 D:/stm/STM32CubeIDE_1.19.0/STM32CubeIDE/plugins/com.st.stm32cube.ide.mcu.externaltools.gnu-tools-for-stm32.13.3.rel1.win32_1.0.0.202411081344/tools/bin/../lib/gcc/arm-none-eabi/13.3.1/../../../../arm-none-eabi/lib/thumb/v7e-m+fp/hard\libc_nano.a(libc_a-memset.o)
 .debug_frame   0x00002954       0x2c D:/stm/STM32CubeIDE_1.19.0/STM32CubeIDE/plugins/com.st.stm32cube.ide.mcu.externaltools.gnu-tools-for-stm32.13.3.rel1.win32_1.0.0.202411081344/tools/bin/../lib/gcc/arm-none-eabi/13.3.1/../../../../arm-none-eabi/lib/thumb/v7e-m+fp/hard\libc_nano.a(libc_a-init.o)
 .debug_frame   0x00002980       0x2c D:/stm/STM32CubeIDE_1.19.0/STM32CubeIDE/plugins/com.st.stm32cube.ide.mcu.externaltools.gnu-tools-for-stm32.13.3.rel1.win32_1.0.0.202411081344/tools/bin/../lib/gcc/arm-none-eabi/13.3.1/thumb/v7e-m+fp/hard\libgcc.a(_aeabi_uldivmod.o)
 .debug_frame   0x000029ac       0x34 D:/stm/STM32CubeIDE_1.19.0/STM32CubeIDE/plugins/com.st.stm32cube.ide.mcu.externaltools.gnu-tools-for-stm32.13.3.rel1.win32_1.0.0.202411081344/tools/bin/../lib/gcc/arm-none-eabi/13.3.1/thumb/v7e-m+fp/hard\libgcc.a(_udivmoddi4.o)

.debug_line_str
                0x00000000       0x52
 .debug_line_str
                0x00000000       0x52 ./Core/Startup/startup_stm32f427vitx.o
