../Core/Src/main.c:74:6:change_speed	16	static
../Core/Src/main.c:78:6:light_green	40	static
../Core/Src/main.c:88:6:light_orange_red	32	static
../Core/Src/main.c:97:6:light	24	static
../Core/Src/main.c:104:6:HAL_TIM_PeriodElapsedCallback	16	static
../Core/Src/main.c:122:5:main	8	static
../Core/Src/main.c:177:6:SystemClock_Config	88	static
../Core/Src/main.c:231:13:MX_TIM4_Init	64	static
../Core/Src/main.c:299:13:MX_TIM6_Init	16	static
../Core/Src/main.c:337:13:MX_TIM7_Init	16	static
../Core/Src/main.c:375:13:MX_GPIO_Init	24	static
../Core/Src/main.c:399:6:Error_Handler	4	static,ignoring_inline_asm
